
> my-entertainment-list@0.0.1 build
> next build

Γû▓ Next.js 16.1.6 (Turbopack)
- Environments: .env.local

  Creating an optimized production build ...
node.exe : 
(node:4968) [MODULE_TY
PELESS_PACKAGE_JSON] 
Warning: Module type 
of file:///F:/Desktop/
programming/Desarrollo
%20web/Serious%20Proje
cts/MyEntertainmentLis
t/my-entertainment-lis
t/tailwind.config.ts?i
d=1773774348258 is 
not specified and it 
doesn't parse as 
CommonJS.
At line:1 char:1
+ & "C:\Program Files\
nodejs/node.exe" 
"C:\Program 
Files\nodejs/node_mo 
...
+ ~~~~~~~~~~~~~~~~~~~~
~~~~~~~~~~~~~~~~~~~~~~
~~~~~~~~~~~~~~~~~~~~~~
~~~~~
    + CategoryInfo    
          : NotSpeci  
  fied: ((node:4968   
 ) [MO...se as Com    
monJS.:String) []    
, RemoteException
    + FullyQualifiedE 
   rrorId : NativeCo  
  mmandError
 
Reparsing as ES 
module because module 
syntax was detected. 
This incurs a 
performance overhead.
To eliminate this 
warning, add "type": 
"module" to F:\Desktop
\programming\Desarroll
o web\Serious Projects
\MyEntertainmentList\m
y-entertainment-list\p
ackage.json.
(Use `node 
--trace-warnings ...` 
to show where the 
warning was created)

> Build error occurred
Error: Turbopack 
build failed with 1 
errors:
./src/Components/ui/Fa
voritesPile.tsx:6:1
Module not found: 
Can't resolve 
'framer-motion'
[0m [90m 4 |[39m 
[36mimport[39m { [3
3mFavoriteItem[39m } 
[36mfrom[39m [32m"@
/lib/definitions"[39m
 [90m 5 |[39m 
[36mimport[39m { 
[33mPlus[39m } 
[36mfrom[39m [32m"l
ucide-react"[39m
[31m[1m>[22m[39m[
90m 6 |[39m 
[36mimport[39m { 
motion } 
[36mfrom[39m [32m"f
ramer-motion"[39m
 [90m   |[39m [31m
[1m^[22m[39m[31m[1
m^[22m[39m[31m[1m^
[22m[39m[31m[1m^[
22m[39m[31m[1m^[22
m[39m[31m[1m^[22m
[39m[31m[1m^[22m[3
9m[31m[1m^[22m[39m
[31m[1m^[22m[39m[
31m[1m^[22m[39m[31
m[1m^[22m[39m[31m
[1m^[22m[39m[31m[1
m^[22m[39m[31m[1m^
[22m[39m[31m[1m^[
22m[39m[31m[1m^[22
m[39m[31m[1m^[22m
[39m[31m[1m^[22m[3
9m[31m[1m^[22m[39m
[31m[1m^[22m[39m[
31m[1m^[22m[39m[31
m[1m^[22m[39m[31m
[1m^[22m[39m[31m[1
m^[22m[39m[31m[1m^
[22m[39m[31m[1m^[
22m[39m[31m[1m^[22
m[39m[31m[1m^[22m
[39m[31m[1m^[22m[3
9m[31m[1m^[22m[39m
[31m[1m^[22m[39m[
31m[1m^[22m[39m[31
m[1m^[22m[39m[31m
[1m^[22m[39m[31m[1
m^[22m[39m[31m[1m^
[22m[39m[31m[1m^[
22m[39m[31m[1m^[22
m[39m
 [90m 7 |[39m 
[36mimport[39m 
[33mImage[39m 
[36mfrom[39m 
[32m"next/image"[39m
 [90m 8 |[39m
 [90m 9 |[39m 
[36minterface[39m [
33mFavoritesPileProps
[39m {[0m



Import trace:
  Server Component:
    ./src/Components/u
i/FavoritesPile.tsx
    ./src/app/page.tsx

https://nextjs.org/doc
s/messages/module-not-
found


    at <unknown> (./sr
c/Components/ui/Favori
tesPile.tsx:6:1)
    at <unknown> (http
s://nextjs.org/docs/me
ssages/module-not-foun
d)
